$ esbmc verification/deepseek_mlp_stub.c --floatbv --overflow-check --no-unwinding-assertions --unwind 4
# ESBMC version 6.8.0 64-bit x86_64 linux
# status=SAFE rc=0 tempo=0.08s

ESBMC version 6.8.0 64-bit x86_64 linux
file /home/user/esbmc/pibic/verification/deepseek_mlp_stub.c: Parsing
Converting
Generating GOTO Program
GOTO program creation time: 0.075s
GOTO program processing time: 0.000s
Starting Bounded Model Checking
Unwinding loop 3  iteration  1   file deepseek_mlp_stub.c line 92 function main
Unwinding loop 3  iteration  2   file deepseek_mlp_stub.c line 92 function main
Unwinding loop 3  iteration  3   file deepseek_mlp_stub.c line 92 function main
Not unwinding 
Symex completed in: 0.001s (30 assignments)
Slicing time: 0.000s (removed 17 assignments)
Generated 28 VCC(s), 4 remaining after simplification (13 assignments)
No solver specified; defaulting to Boolector
Encoding remaining VCC(s) using bit-vector/floating-point arithmetic
Encoding to solver time: 0.001s
Solving with solver Boolector 3.2.0
Encoding to solver time: 0.001s
Runtime decision procedure: 0.000s
BMC program time: 0.002s

VERIFICATION SUCCESSFUL
