$ esbmc cases/llm_ffn_verification/verify_output/gpt2_2x4_qnn.c --boolector --no-unwinding-assertions
# ESBMC version 6.8.0 64-bit x86_64 linux
# status=SAFE rc=0 tempo=0.24s

ESBMC version 6.8.0 64-bit x86_64 linux
file /home/user/esbmc/pibic/cases/llm_ffn_verification/verify_output/gpt2_2x4_qnn.c: Parsing
Converting
Generating GOTO Program
GOTO program creation time: 0.070s
GOTO program processing time: 0.001s
Starting Bounded Model Checking
Symex completed in: 0.000s (56 assignments)
Slicing time: 0.000s (removed 22 assignments)
Generated 2 VCC(s), 2 remaining after simplification (34 assignments)
Encoding remaining VCC(s) using bit-vector/floating-point arithmetic
Encoding to solver time: 0.000s
Solving with solver Boolector 3.2.0
Encoding to solver time: 0.000s
Runtime decision procedure: 0.164s
BMC program time: 0.165s

VERIFICATION SUCCESSFUL
