$ esbmc cases/llm_ffn_verification/verify_output/gpt2_4x16_qnn.c --boolector --no-unwinding-assertions
# ESBMC version 6.8.0 64-bit x86_64 linux
# status=SAFE rc=0 tempo=20.10s

ESBMC version 6.8.0 64-bit x86_64 linux
file /home/user/esbmc/pibic/cases/llm_ffn_verification/verify_output/gpt2_4x16_qnn.c: Parsing
Converting
Generating GOTO Program
GOTO program creation time: 0.073s
GOTO program processing time: 0.001s
Starting Bounded Model Checking
Symex completed in: 0.003s (310 assignments)
Slicing time: 0.001s (removed 82 assignments)
Generated 4 VCC(s), 4 remaining after simplification (228 assignments)
Encoding remaining VCC(s) using bit-vector/floating-point arithmetic
Encoding to solver time: 0.001s
Solving with solver Boolector 3.2.0
Encoding to solver time: 0.001s
Runtime decision procedure: 20.004s
BMC program time: 20.009s

VERIFICATION SUCCESSFUL
