$ esbmc cases/inference_safety/kernels_benchmarks.c --memory-leak-check --overflow-check --no-pointer-check --no-unwinding-assertions --z3 --unwind 4
# ESBMC version 6.8.0 64-bit x86_64 linux
# status=UNSAFE rc=1 tempo=0.46s

ESBMC version 6.8.0 64-bit x86_64 linux
file /home/user/esbmc/pibic/cases/inference_safety/kernels_benchmarks.c: Parsing
Converting
Generating GOTO Program
GOTO program creation time: 0.077s
GOTO program processing time: 0.001s
Starting Bounded Model Checking
Unwinding loop 6  iteration  1   file kernels_benchmarks.c line 30 function vector_add
Unwinding loop 6  iteration  2   file kernels_benchmarks.c line 30 function vector_add
Unwinding loop 6  iteration  3   file kernels_benchmarks.c line 30 function vector_add
Not unwinding 
Symex completed in: 0.008s (66 assignments)
Slicing time: 0.000s (removed 41 assignments)
Generated 11 VCC(s), 11 remaining after simplification (25 assignments)
Encoding remaining VCC(s) using bit-vector/floating-point arithmetic
Encoding to solver time: 0.001s
Solving with solver Z3 v4.8.9
Encoding to solver time: 0.001s
Runtime decision procedure: 0.360s
Building error trace

Counterexample:

State 1 file kernels_benchmarks.c line 46 function verify_all_bounds thread 0
----------------------------------------------------
  a = (float *)(&dynamic_1_array[0])

State 2 file kernels_benchmarks.c line 47 function verify_all_bounds thread 0
----------------------------------------------------
  b = (float *)(&dynamic_3_array[0])

State 3 file kernels_benchmarks.c line 48 function verify_all_bounds thread 0
----------------------------------------------------
  c = (float *)0

State 4 file kernels_benchmarks.c line 59 function main thread 0
----------------------------------------------------
Violated property:
  file kernels_benchmarks.c line 59 function main
  dereference failure: forgotten memory: dynamic_1_array


VERIFICATION FAILED
