$ esbmc verification/mlp_stub.c --floatbv --no-unwinding-assertions
# ESBMC version 6.8.0 64-bit x86_64 linux
# status=SAFE rc=0 tempo=3.09s

ESBMC version 6.8.0 64-bit x86_64 linux
file /home/user/esbmc/pibic/verification/mlp_stub.c: Parsing
Converting
Generating GOTO Program
GOTO program creation time: 0.073s
GOTO program processing time: 0.000s
Starting Bounded Model Checking
Symex completed in: 0.001s (46 assignments)
Slicing time: 0.000s (removed 20 assignments)
Generated 18 VCC(s), 2 remaining after simplification (26 assignments)
No solver specified; defaulting to Boolector
Encoding remaining VCC(s) using bit-vector/floating-point arithmetic
Encoding to solver time: 0.005s
Solving with solver Boolector 3.2.0
Encoding to solver time: 0.005s
Runtime decision procedure: 2.999s
BMC program time: 3.006s

VERIFICATION SUCCESSFUL
