$ esbmc 4_control_system/pid_controller.c --floatbv --no-unwinding-assertions --unwind 11
# ESBMC version 6.8.0 64-bit x86_64 linux
# status=SAFE rc=0 tempo=213.47s

ESBMC version 6.8.0 64-bit x86_64 linux
file /home/user/esbmc/pibic/4_control_system/pid_controller.c: Parsing
Converting
Generating GOTO Program
GOTO program creation time: 0.105s
GOTO program processing time: 0.001s
Starting Bounded Model Checking
Unwinding loop 2  iteration  1   file pid_controller.c line 52 function main
Unwinding loop 2  iteration  2   file pid_controller.c line 52 function main
Unwinding loop 2  iteration  3   file pid_controller.c line 52 function main
Unwinding loop 2  iteration  4   file pid_controller.c line 52 function main
Unwinding loop 2  iteration  5   file pid_controller.c line 52 function main
Unwinding loop 2  iteration  6   file pid_controller.c line 52 function main
Unwinding loop 2  iteration  7   file pid_controller.c line 52 function main
Unwinding loop 2  iteration  8   file pid_controller.c line 52 function main
Unwinding loop 2  iteration  9   file pid_controller.c line 52 function main
Unwinding loop 2  iteration  10   file pid_controller.c line 52 function main
Symex completed in: 0.004s (324 assignments)
Slicing time: 0.001s (removed 77 assignments)
Generated 10 VCC(s), 10 remaining after simplification (247 assignments)
No solver specified; defaulting to Boolector
Encoding remaining VCC(s) using bit-vector/floating-point arithmetic
Encoding to solver time: 0.127s
Solving with solver Boolector 3.2.0
Encoding to solver time: 0.127s
Runtime decision procedure: 213.041s
BMC program time: 213.173s

VERIFICATION SUCCESSFUL
