$ esbmc teste_mlp/verify_mlp_qnn.c --no-unwinding-assertions
# ESBMC version 6.8.0 64-bit x86_64 linux
# status=SAFE rc=0 tempo=0.10s

ESBMC version 6.8.0 64-bit x86_64 linux
file /home/user/esbmc/pibic/teste_mlp/verify_mlp_qnn.c: Parsing
Converting
Generating GOTO Program
GOTO program creation time: 0.089s
GOTO program processing time: 0.000s
Starting Bounded Model Checking
Unwinding loop 1  iteration  1   file verify_mlp_qnn.c line 41 function mlp_forward
Unwinding loop 1  iteration  2   file verify_mlp_qnn.c line 41 function mlp_forward
Unwinding loop 1  iteration  3   file verify_mlp_qnn.c line 41 function mlp_forward
Unwinding loop 1  iteration  4   file verify_mlp_qnn.c line 41 function mlp_forward
Unwinding loop 2  iteration  1   file verify_mlp_qnn.c line 49 function mlp_forward
Unwinding loop 2  iteration  2   file verify_mlp_qnn.c line 49 function mlp_forward
Unwinding loop 2  iteration  3   file verify_mlp_qnn.c line 49 function mlp_forward
Unwinding loop 2  iteration  4   file verify_mlp_qnn.c line 49 function mlp_forward
Unwinding loop 1  iteration  1   file verify_mlp_qnn.c line 41 function mlp_forward
Unwinding loop 1  iteration  2   file verify_mlp_qnn.c line 41 function mlp_forward
Unwinding loop 1  iteration  3   file verify_mlp_qnn.c line 41 function mlp_forward
Unwinding loop 1  iteration  4   file verify_mlp_qnn.c line 41 function mlp_forward
Unwinding loop 2  iteration  1   file verify_mlp_qnn.c line 49 function mlp_forward
Unwinding loop 2  iteration  2   file verify_mlp_qnn.c line 49 function mlp_forward
Unwinding loop 2  iteration  3   file verify_mlp_qnn.c line 49 function mlp_forward
Unwinding loop 2  iteration  4   file verify_mlp_qnn.c line 49 function mlp_forward
Unwinding loop 1  iteration  1   file verify_mlp_qnn.c line 41 function mlp_forward
Unwinding loop 1  iteration  2   file verify_mlp_qnn.c line 41 function mlp_forward
Unwinding loop 1  iteration  3   file verify_mlp_qnn.c line 41 function mlp_forward
Unwinding loop 1  iteration  4   file verify_mlp_qnn.c line 41 function mlp_forward
Unwinding loop 2  iteration  1   file verify_mlp_qnn.c line 49 function mlp_forward
Unwinding loop 2  iteration  2   file verify_mlp_qnn.c line 49 function mlp_forward
Unwinding loop 2  iteration  3   file verify_mlp_qnn.c line 49 function mlp_forward
Unwinding loop 2  iteration  4   file verify_mlp_qnn.c line 49 function mlp_forward
Unwinding loop 1  iteration  1   file verify_mlp_qnn.c line 41 function mlp_forward
Unwinding loop 1  iteration  2   file verify_mlp_qnn.c line 41 function mlp_forward
Unwinding loop 1  iteration  3   file verify_mlp_qnn.c line 41 function mlp_forward
Unwinding loop 1  iteration  4   file verify_mlp_qnn.c line 41 function mlp_forward
Unwinding loop 2  iteration  1   file verify_mlp_qnn.c line 49 function mlp_forward
Unwinding loop 2  iteration  2   file verify_mlp_qnn.c line 49 function mlp_forward
Unwinding loop 2  iteration  3   file verify_mlp_qnn.c line 49 function mlp_forward
Unwinding loop 2  iteration  4   file verify_mlp_qnn.c line 49 function mlp_forward
Symex completed in: 0.003s (152 assignments)
Slicing time: 0.000s (removed 75 assignments)
Generated 100 VCC(s), 4 remaining after simplification (77 assignments)
No solver specified; defaulting to Boolector
Encoding remaining VCC(s) using bit-vector/floating-point arithmetic
Encoding to solver time: 0.001s
Solving with solver Boolector 3.2.0
Encoding to solver time: 0.001s
Runtime decision procedure: 0.001s
BMC program time: 0.005s

VERIFICATION SUCCESSFUL
