{
  "layer_1": {
    "total": 24,
    "dead_proven": [],
    "active_counterexample": [
      0,
      1,
      2,
      3,
      4,
      5,
      6,
      7,
      8,
      9,
      10,
      11,
      12,
      13,
      14,
      15,
      16,
      17,
      18,
      19,
      20,
      21,
      22,
      23
    ],
    "timeouts": [],
    "unknown": []
  },
  "layer_2": {
    "total": 24,
    "dead_proven": [],
    "active_counterexample": [
      1,
      2,
      3,
      5,
      6,
      9,
      10,
      11,
      12,
      13,
      14,
      15,
      17,
      20,
      21,
      22,
      23
    ],
    "timeouts": [
      0,
      4,
      7,
      8,
      16,
      18,
      19
    ],
    "unknown": []
  }
}
