ESBMC version 6.8.0 64-bit x86_64 windows
file E:\Uchoa\pibic\pibic\evidencias\final_2026\harnesses\corrected_sat_L2_20.c: Parsing
Converting
Generating GOTO Program
GOTO program creation time: 0.373s
GOTO program processing time: 0.002s
Starting Bounded Model Checking
Symex completed in: 0.050s (120 assignments)
Slicing time: 0.000s (removed 58 assignments)
Generated 1 VCC(s), 1 remaining after simplification (62 assignments)
Encoding remaining VCC(s) using bit-vector/floating-point arithmetic
Encoding to solver time: 0.001s
Solving with solver Z3 v4.8.9
Encoding to solver time: 0.001s
Runtime decision procedure: 0.861s
Building error trace

Counterexample:

State 1 file E:\Uchoa\pibic\pibic\evidencias\final_2026\harnesses\corrected_sat_L2_20.c line 5 function main thread 0
----------------------------------------------------
  s0 = -192 (11111111 11111111 11111111 01000000)

State 2 file E:\Uchoa\pibic\pibic\evidencias\final_2026\harnesses\corrected_sat_L2_20.c line 5 function main thread 0
----------------------------------------------------
  s1 = -508 (11111111 11111111 11111110 00000100)

State 3 file E:\Uchoa\pibic\pibic\evidencias\final_2026\harnesses\corrected_sat_L2_20.c line 5 function main thread 0
----------------------------------------------------
  s2 = -53 (11111111 11111111 11111111 11001011)

State 4 file E:\Uchoa\pibic\pibic\evidencias\final_2026\harnesses\corrected_sat_L2_20.c line 5 function main thread 0
----------------------------------------------------
  s3 = -1024 (11111111 11111111 11111100 00000000)

State 9 file E:\Uchoa\pibic\pibic\evidencias\final_2026\harnesses\corrected_sat_L2_20.c line 10 function main thread 0
----------------------------------------------------
  pre1_0 = -2725 (11111111 11111111 11110101 01011011)

State 10 file E:\Uchoa\pibic\pibic\evidencias\final_2026\harnesses\corrected_sat_L2_20.c line 11 function main thread 0
----------------------------------------------------
  h1_0 = 0 (00000000 00000000 00000000 00000000)

State 11 file E:\Uchoa\pibic\pibic\evidencias\final_2026\harnesses\corrected_sat_L2_20.c line 12 function main thread 0
----------------------------------------------------
  pre1_1 = 1651 (00000000 00000000 00000110 01110011)

State 12 file E:\Uchoa\pibic\pibic\evidencias\final_2026\harnesses\corrected_sat_L2_20.c line 13 function main thread 0
----------------------------------------------------
  h1_1 = 0 (00000000 00000000 00000000 00000000)

State 13 file E:\Uchoa\pibic\pibic\evidencias\final_2026\harnesses\corrected_sat_L2_20.c line 14 function main thread 0
----------------------------------------------------
  pre1_2 = 114 (00000000 00000000 00000000 01110010)

State 14 file E:\Uchoa\pibic\pibic\evidencias\final_2026\harnesses\corrected_sat_L2_20.c line 15 function main thread 0
----------------------------------------------------
  h1_2 = 0 (00000000 00000000 00000000 00000000)

State 15 file E:\Uchoa\pibic\pibic\evidencias\final_2026\harnesses\corrected_sat_L2_20.c line 16 function main thread 0
----------------------------------------------------
  pre1_3 = -1561 (11111111 11111111 11111001 11100111)

State 16 file E:\Uchoa\pibic\pibic\evidencias\final_2026\harnesses\corrected_sat_L2_20.c line 17 function main thread 0
----------------------------------------------------
  h1_3 = 0 (00000000 00000000 00000000 00000000)

State 17 file E:\Uchoa\pibic\pibic\evidencias\final_2026\harnesses\corrected_sat_L2_20.c line 18 function main thread 0
----------------------------------------------------
  pre1_4 = -98 (11111111 11111111 11111111 10011110)

State 18 file E:\Uchoa\pibic\pibic\evidencias\final_2026\harnesses\corrected_sat_L2_20.c line 19 function main thread 0
----------------------------------------------------
  h1_4 = 0 (00000000 00000000 00000000 00000000)

State 19 file E:\Uchoa\pibic\pibic\evidencias\final_2026\harnesses\corrected_sat_L2_20.c line 20 function main thread 0
----------------------------------------------------
  pre1_5 = -200 (11111111 11111111 11111111 00111000)

State 20 file E:\Uchoa\pibic\pibic\evidencias\final_2026\harnesses\corrected_sat_L2_20.c line 21 function main thread 0
----------------------------------------------------
  h1_5 = 0 (00000000 00000000 00000000 00000000)

State 21 file E:\Uchoa\pibic\pibic\evidencias\final_2026\harnesses\corrected_sat_L2_20.c line 22 function main thread 0
----------------------------------------------------
  pre1_6 = 331 (00000000 00000000 00000001 01001011)

State 22 file E:\Uchoa\pibic\pibic\evidencias\final_2026\harnesses\corrected_sat_L2_20.c line 23 function main thread 0
----------------------------------------------------
  h1_6 = 0 (00000000 00000000 00000000 00000000)

State 23 file E:\Uchoa\pibic\pibic\evidencias\final_2026\harnesses\corrected_sat_L2_20.c line 24 function main thread 0
----------------------------------------------------
  pre1_7 = 329 (00000000 00000000 00000001 01001001)

State 24 file E:\Uchoa\pibic\pibic\evidencias\final_2026\harnesses\corrected_sat_L2_20.c line 25 function main thread 0
----------------------------------------------------
  h1_7 = 0 (00000000 00000000 00000000 00000000)

State 25 file E:\Uchoa\pibic\pibic\evidencias\final_2026\harnesses\corrected_sat_L2_20.c line 26 function main thread 0
----------------------------------------------------
  pre1_8 = -524 (11111111 11111111 11111101 11110100)

State 26 file E:\Uchoa\pibic\pibic\evidencias\final_2026\harnesses\corrected_sat_L2_20.c line 27 function main thread 0
----------------------------------------------------
  h1_8 = 0 (00000000 00000000 00000000 00000000)

State 27 file E:\Uchoa\pibic\pibic\evidencias\final_2026\harnesses\corrected_sat_L2_20.c line 28 function main thread 0
----------------------------------------------------
  pre1_9 = -293 (11111111 11111111 11111110 11011011)

State 28 file E:\Uchoa\pibic\pibic\evidencias\final_2026\harnesses\corrected_sat_L2_20.c line 29 function main thread 0
----------------------------------------------------
  h1_9 = 0 (00000000 00000000 00000000 00000000)

State 29 file E:\Uchoa\pibic\pibic\evidencias\final_2026\harnesses\corrected_sat_L2_20.c line 30 function main thread 0
----------------------------------------------------
  pre1_10 = -1027 (11111111 11111111 11111011 11111101)

State 30 file E:\Uchoa\pibic\pibic\evidencias\final_2026\harnesses\corrected_sat_L2_20.c line 31 function main thread 0
----------------------------------------------------
  h1_10 = 0 (00000000 00000000 00000000 00000000)

State 31 file E:\Uchoa\pibic\pibic\evidencias\final_2026\harnesses\corrected_sat_L2_20.c line 32 function main thread 0
----------------------------------------------------
  pre1_11 = 534 (00000000 00000000 00000010 00010110)

State 32 file E:\Uchoa\pibic\pibic\evidencias\final_2026\harnesses\corrected_sat_L2_20.c line 33 function main thread 0
----------------------------------------------------
  h1_11 = 0 (00000000 00000000 00000000 00000000)

State 33 file E:\Uchoa\pibic\pibic\evidencias\final_2026\harnesses\corrected_sat_L2_20.c line 34 function main thread 0
----------------------------------------------------
  pre1_12 = 239 (00000000 00000000 00000000 11101111)

State 34 file E:\Uchoa\pibic\pibic\evidencias\final_2026\harnesses\corrected_sat_L2_20.c line 35 function main thread 0
----------------------------------------------------
  h1_12 = 0 (00000000 00000000 00000000 00000000)

State 35 file E:\Uchoa\pibic\pibic\evidencias\final_2026\harnesses\corrected_sat_L2_20.c line 36 function main thread 0
----------------------------------------------------
  pre1_13 = -1788 (11111111 11111111 11111001 00000100)

State 36 file E:\Uchoa\pibic\pibic\evidencias\final_2026\harnesses\corrected_sat_L2_20.c line 37 function main thread 0
----------------------------------------------------
  h1_13 = 0 (00000000 00000000 00000000 00000000)

State 37 file E:\Uchoa\pibic\pibic\evidencias\final_2026\harnesses\corrected_sat_L2_20.c line 38 function main thread 0
----------------------------------------------------
  pre1_14 = -792 (11111111 11111111 11111100 11101000)

State 38 file E:\Uchoa\pibic\pibic\evidencias\final_2026\harnesses\corrected_sat_L2_20.c line 39 function main thread 0
----------------------------------------------------
  h1_14 = 0 (00000000 00000000 00000000 00000000)

State 39 file E:\Uchoa\pibic\pibic\evidencias\final_2026\harnesses\corrected_sat_L2_20.c line 40 function main thread 0
----------------------------------------------------
  pre1_15 = 275 (00000000 00000000 00000001 00010011)

State 40 file E:\Uchoa\pibic\pibic\evidencias\final_2026\harnesses\corrected_sat_L2_20.c line 41 function main thread 0
----------------------------------------------------
  h1_15 = 0 (00000000 00000000 00000000 00000000)

State 41 file E:\Uchoa\pibic\pibic\evidencias\final_2026\harnesses\corrected_sat_L2_20.c line 42 function main thread 0
----------------------------------------------------
  pre1_16 = -175 (11111111 11111111 11111111 01010001)

State 42 file E:\Uchoa\pibic\pibic\evidencias\final_2026\harnesses\corrected_sat_L2_20.c line 43 function main thread 0
----------------------------------------------------
  h1_16 = 0 (00000000 00000000 00000000 00000000)

State 43 file E:\Uchoa\pibic\pibic\evidencias\final_2026\harnesses\corrected_sat_L2_20.c line 44 function main thread 0
----------------------------------------------------
  pre1_17 = 231 (00000000 00000000 00000000 11100111)

State 44 file E:\Uchoa\pibic\pibic\evidencias\final_2026\harnesses\corrected_sat_L2_20.c line 45 function main thread 0
----------------------------------------------------
  h1_17 = 0 (00000000 00000000 00000000 00000000)

State 45 file E:\Uchoa\pibic\pibic\evidencias\final_2026\harnesses\corrected_sat_L2_20.c line 46 function main thread 0
----------------------------------------------------
  pre1_18 = 87 (00000000 00000000 00000000 01010111)

State 46 file E:\Uchoa\pibic\pibic\evidencias\final_2026\harnesses\corrected_sat_L2_20.c line 47 function main thread 0
----------------------------------------------------
  h1_18 = 0 (00000000 00000000 00000000 00000000)

State 47 file E:\Uchoa\pibic\pibic\evidencias\final_2026\harnesses\corrected_sat_L2_20.c line 48 function main thread 0
----------------------------------------------------
  pre1_19 = 1965 (00000000 00000000 00000111 10101101)

State 48 file E:\Uchoa\pibic\pibic\evidencias\final_2026\harnesses\corrected_sat_L2_20.c line 49 function main thread 0
----------------------------------------------------
  h1_19 = 0 (00000000 00000000 00000000 00000000)

State 49 file E:\Uchoa\pibic\pibic\evidencias\final_2026\harnesses\corrected_sat_L2_20.c line 50 function main thread 0
----------------------------------------------------
  pre1_20 = 1686 (00000000 00000000 00000110 10010110)

State 50 file E:\Uchoa\pibic\pibic\evidencias\final_2026\harnesses\corrected_sat_L2_20.c line 51 function main thread 0
----------------------------------------------------
  h1_20 = 0 (00000000 00000000 00000000 00000000)

State 51 file E:\Uchoa\pibic\pibic\evidencias\final_2026\harnesses\corrected_sat_L2_20.c line 52 function main thread 0
----------------------------------------------------
  pre1_21 = -514 (11111111 11111111 11111101 11111110)

State 52 file E:\Uchoa\pibic\pibic\evidencias\final_2026\harnesses\corrected_sat_L2_20.c line 53 function main thread 0
----------------------------------------------------
  h1_21 = 0 (00000000 00000000 00000000 00000000)

State 53 file E:\Uchoa\pibic\pibic\evidencias\final_2026\harnesses\corrected_sat_L2_20.c line 54 function main thread 0
----------------------------------------------------
  pre1_22 = 1699 (00000000 00000000 00000110 10100011)

State 54 file E:\Uchoa\pibic\pibic\evidencias\final_2026\harnesses\corrected_sat_L2_20.c line 55 function main thread 0
----------------------------------------------------
  h1_22 = 0 (00000000 00000000 00000000 00000000)

State 55 file E:\Uchoa\pibic\pibic\evidencias\final_2026\harnesses\corrected_sat_L2_20.c line 56 function main thread 0
----------------------------------------------------
  pre1_23 = 429 (00000000 00000000 00000001 10101101)

State 56 file E:\Uchoa\pibic\pibic\evidencias\final_2026\harnesses\corrected_sat_L2_20.c line 57 function main thread 0
----------------------------------------------------
  h1_23 = 0 (00000000 00000000 00000000 00000000)

State 57 file E:\Uchoa\pibic\pibic\evidencias\final_2026\harnesses\corrected_sat_L2_20.c line 98 function main thread 0
----------------------------------------------------
  pre2_20 = 1359 (00000000 00000000 00000101 01001111)

State 58 file E:\Uchoa\pibic\pibic\evidencias\final_2026\harnesses\corrected_sat_L2_20.c line 107 function main thread 0
----------------------------------------------------
Violated property:
  file E:\Uchoa\pibic\pibic\evidencias\final_2026\harnesses\corrected_sat_L2_20.c line 107 function main
  saturated_L2_20
  (_Bool)(pre2_20 >= 0)


VERIFICATION FAILED
