ESBMC version 6.8.0 64-bit x86_64 windows
file E:\Uchoa\pibic\pibic\evidencias\final_2026\harnesses\corrected_sat_L1_13.c: Parsing
Converting
Generating GOTO Program
GOTO program creation time: 0.342s
GOTO program processing time: 0.002s
Starting Bounded Model Checking
Symex completed in: 0.051s (120 assignments)
Slicing time: 0.000s (removed 106 assignments)
Generated 1 VCC(s), 1 remaining after simplification (14 assignments)
Encoding remaining VCC(s) using bit-vector/floating-point arithmetic
Encoding to solver time: 0.000s
Solving with solver Z3 v4.8.9
Encoding to solver time: 0.000s
Runtime decision procedure: 0.019s
Building error trace

Counterexample:

State 1 file E:\Uchoa\pibic\pibic\evidencias\final_2026\harnesses\corrected_sat_L1_13.c line 5 function main thread 0
----------------------------------------------------
  s0 = -610 (11111111 11111111 11111101 10011110)

State 2 file E:\Uchoa\pibic\pibic\evidencias\final_2026\harnesses\corrected_sat_L1_13.c line 5 function main thread 0
----------------------------------------------------
  s1 = -585 (11111111 11111111 11111101 10110111)

State 3 file E:\Uchoa\pibic\pibic\evidencias\final_2026\harnesses\corrected_sat_L1_13.c line 5 function main thread 0
----------------------------------------------------
  s2 = -45 (11111111 11111111 11111111 11010011)

State 4 file E:\Uchoa\pibic\pibic\evidencias\final_2026\harnesses\corrected_sat_L1_13.c line 5 function main thread 0
----------------------------------------------------
  s3 = -1166 (11111111 11111111 11111011 01110010)

State 9 file E:\Uchoa\pibic\pibic\evidencias\final_2026\harnesses\corrected_sat_L1_13.c line 36 function main thread 0
----------------------------------------------------
  pre1_13 = -2032 (11111111 11111111 11111000 00010000)

State 10 file E:\Uchoa\pibic\pibic\evidencias\final_2026\harnesses\corrected_sat_L1_13.c line 107 function main thread 0
----------------------------------------------------
Violated property:
  file E:\Uchoa\pibic\pibic\evidencias\final_2026\harnesses\corrected_sat_L1_13.c line 107 function main
  saturated_L1_13
  (_Bool)(pre1_13 >= 0)


VERIFICATION FAILED
