ESBMC version 6.8.0 64-bit x86_64 windows
file E:\Uchoa\pibic\pibic\evidencias\final_2026\harnesses\corrected_dead_L2_17.c: Parsing
Converting
Generating GOTO Program
GOTO program creation time: 0.326s
GOTO program processing time: 0.002s
Starting Bounded Model Checking
Symex completed in: 0.049s (119 assignments)
Slicing time: 0.001s (removed 56 assignments)
Generated 1 VCC(s), 1 remaining after simplification (63 assignments)
Encoding remaining VCC(s) using bit-vector/floating-point arithmetic
Encoding to solver time: 0.001s
Solving with solver Z3 v4.8.9
Encoding to solver time: 0.001s
Runtime decision procedure: 3.157s
Building error trace

Counterexample:

State 1 file E:\Uchoa\pibic\pibic\evidencias\final_2026\harnesses\corrected_dead_L2_17.c line 5 function main thread 0
----------------------------------------------------
  s0 = -421 (11111111 11111111 11111110 01011011)

State 2 file E:\Uchoa\pibic\pibic\evidencias\final_2026\harnesses\corrected_dead_L2_17.c line 5 function main thread 0
----------------------------------------------------
  s1 = -55 (11111111 11111111 11111111 11001001)

State 3 file E:\Uchoa\pibic\pibic\evidencias\final_2026\harnesses\corrected_dead_L2_17.c line 5 function main thread 0
----------------------------------------------------
  s2 = -39 (11111111 11111111 11111111 11011001)

State 4 file E:\Uchoa\pibic\pibic\evidencias\final_2026\harnesses\corrected_dead_L2_17.c line 5 function main thread 0
----------------------------------------------------
  s3 = -630 (11111111 11111111 11111101 10001010)

State 9 file E:\Uchoa\pibic\pibic\evidencias\final_2026\harnesses\corrected_dead_L2_17.c line 10 function main thread 0
----------------------------------------------------
  pre1_0 = -1783 (11111111 11111111 11111001 00001001)

State 10 file E:\Uchoa\pibic\pibic\evidencias\final_2026\harnesses\corrected_dead_L2_17.c line 11 function main thread 0
----------------------------------------------------
  h1_0 = 0 (00000000 00000000 00000000 00000000)

State 11 file E:\Uchoa\pibic\pibic\evidencias\final_2026\harnesses\corrected_dead_L2_17.c line 12 function main thread 0
----------------------------------------------------
  pre1_1 = 1190 (00000000 00000000 00000100 10100110)

State 12 file E:\Uchoa\pibic\pibic\evidencias\final_2026\harnesses\corrected_dead_L2_17.c line 13 function main thread 0
----------------------------------------------------
  h1_1 = 0 (00000000 00000000 00000000 00000000)

State 13 file E:\Uchoa\pibic\pibic\evidencias\final_2026\harnesses\corrected_dead_L2_17.c line 14 function main thread 0
----------------------------------------------------
  pre1_2 = -176 (11111111 11111111 11111111 01010000)

State 14 file E:\Uchoa\pibic\pibic\evidencias\final_2026\harnesses\corrected_dead_L2_17.c line 15 function main thread 0
----------------------------------------------------
  h1_2 = 0 (00000000 00000000 00000000 00000000)

State 15 file E:\Uchoa\pibic\pibic\evidencias\final_2026\harnesses\corrected_dead_L2_17.c line 16 function main thread 0
----------------------------------------------------
  pre1_3 = -1101 (11111111 11111111 11111011 10110011)

State 16 file E:\Uchoa\pibic\pibic\evidencias\final_2026\harnesses\corrected_dead_L2_17.c line 17 function main thread 0
----------------------------------------------------
  h1_3 = 0 (00000000 00000000 00000000 00000000)

State 17 file E:\Uchoa\pibic\pibic\evidencias\final_2026\harnesses\corrected_dead_L2_17.c line 18 function main thread 0
----------------------------------------------------
  pre1_4 = -267 (11111111 11111111 11111110 11110101)

State 18 file E:\Uchoa\pibic\pibic\evidencias\final_2026\harnesses\corrected_dead_L2_17.c line 19 function main thread 0
----------------------------------------------------
  h1_4 = 0 (00000000 00000000 00000000 00000000)

State 19 file E:\Uchoa\pibic\pibic\evidencias\final_2026\harnesses\corrected_dead_L2_17.c line 20 function main thread 0
----------------------------------------------------
  pre1_5 = -103 (11111111 11111111 11111111 10011001)

State 20 file E:\Uchoa\pibic\pibic\evidencias\final_2026\harnesses\corrected_dead_L2_17.c line 21 function main thread 0
----------------------------------------------------
  h1_5 = 0 (00000000 00000000 00000000 00000000)

State 21 file E:\Uchoa\pibic\pibic\evidencias\final_2026\harnesses\corrected_dead_L2_17.c line 22 function main thread 0
----------------------------------------------------
  pre1_6 = 101 (00000000 00000000 00000000 01100101)

State 22 file E:\Uchoa\pibic\pibic\evidencias\final_2026\harnesses\corrected_dead_L2_17.c line 23 function main thread 0
----------------------------------------------------
  h1_6 = 0 (00000000 00000000 00000000 00000000)

State 23 file E:\Uchoa\pibic\pibic\evidencias\final_2026\harnesses\corrected_dead_L2_17.c line 24 function main thread 0
----------------------------------------------------
  pre1_7 = 13 (00000000 00000000 00000000 00001101)

State 24 file E:\Uchoa\pibic\pibic\evidencias\final_2026\harnesses\corrected_dead_L2_17.c line 25 function main thread 0
----------------------------------------------------
  h1_7 = 0 (00000000 00000000 00000000 00000000)

State 25 file E:\Uchoa\pibic\pibic\evidencias\final_2026\harnesses\corrected_dead_L2_17.c line 26 function main thread 0
----------------------------------------------------
  pre1_8 = -555 (11111111 11111111 11111101 11010101)

State 26 file E:\Uchoa\pibic\pibic\evidencias\final_2026\harnesses\corrected_dead_L2_17.c line 27 function main thread 0
----------------------------------------------------
  h1_8 = 0 (00000000 00000000 00000000 00000000)

State 27 file E:\Uchoa\pibic\pibic\evidencias\final_2026\harnesses\corrected_dead_L2_17.c line 28 function main thread 0
----------------------------------------------------
  pre1_9 = -352 (11111111 11111111 11111110 10100000)

State 28 file E:\Uchoa\pibic\pibic\evidencias\final_2026\harnesses\corrected_dead_L2_17.c line 29 function main thread 0
----------------------------------------------------
  h1_9 = 0 (00000000 00000000 00000000 00000000)

State 29 file E:\Uchoa\pibic\pibic\evidencias\final_2026\harnesses\corrected_dead_L2_17.c line 30 function main thread 0
----------------------------------------------------
  pre1_10 = -671 (11111111 11111111 11111101 01100001)

State 30 file E:\Uchoa\pibic\pibic\evidencias\final_2026\harnesses\corrected_dead_L2_17.c line 31 function main thread 0
----------------------------------------------------
  h1_10 = 0 (00000000 00000000 00000000 00000000)

State 31 file E:\Uchoa\pibic\pibic\evidencias\final_2026\harnesses\corrected_dead_L2_17.c line 32 function main thread 0
----------------------------------------------------
  pre1_11 = 159 (00000000 00000000 00000000 10011111)

State 32 file E:\Uchoa\pibic\pibic\evidencias\final_2026\harnesses\corrected_dead_L2_17.c line 33 function main thread 0
----------------------------------------------------
  h1_11 = 0 (00000000 00000000 00000000 00000000)

State 33 file E:\Uchoa\pibic\pibic\evidencias\final_2026\harnesses\corrected_dead_L2_17.c line 34 function main thread 0
----------------------------------------------------
  pre1_12 = -35 (11111111 11111111 11111111 11011101)

State 34 file E:\Uchoa\pibic\pibic\evidencias\final_2026\harnesses\corrected_dead_L2_17.c line 35 function main thread 0
----------------------------------------------------
  h1_12 = 0 (00000000 00000000 00000000 00000000)

State 35 file E:\Uchoa\pibic\pibic\evidencias\final_2026\harnesses\corrected_dead_L2_17.c line 36 function main thread 0
----------------------------------------------------
  pre1_13 = -1030 (11111111 11111111 11111011 11111010)

State 36 file E:\Uchoa\pibic\pibic\evidencias\final_2026\harnesses\corrected_dead_L2_17.c line 37 function main thread 0
----------------------------------------------------
  h1_13 = 0 (00000000 00000000 00000000 00000000)

State 37 file E:\Uchoa\pibic\pibic\evidencias\final_2026\harnesses\corrected_dead_L2_17.c line 38 function main thread 0
----------------------------------------------------
  pre1_14 = -325 (11111111 11111111 11111110 10111011)

State 38 file E:\Uchoa\pibic\pibic\evidencias\final_2026\harnesses\corrected_dead_L2_17.c line 39 function main thread 0
----------------------------------------------------
  h1_14 = 0 (00000000 00000000 00000000 00000000)

State 39 file E:\Uchoa\pibic\pibic\evidencias\final_2026\harnesses\corrected_dead_L2_17.c line 40 function main thread 0
----------------------------------------------------
  pre1_15 = -140 (11111111 11111111 11111111 01110100)

State 40 file E:\Uchoa\pibic\pibic\evidencias\final_2026\harnesses\corrected_dead_L2_17.c line 41 function main thread 0
----------------------------------------------------
  h1_15 = 0 (00000000 00000000 00000000 00000000)

State 41 file E:\Uchoa\pibic\pibic\evidencias\final_2026\harnesses\corrected_dead_L2_17.c line 42 function main thread 0
----------------------------------------------------
  pre1_16 = -13 (11111111 11111111 11111111 11110011)

State 42 file E:\Uchoa\pibic\pibic\evidencias\final_2026\harnesses\corrected_dead_L2_17.c line 43 function main thread 0
----------------------------------------------------
  h1_16 = 0 (00000000 00000000 00000000 00000000)

State 43 file E:\Uchoa\pibic\pibic\evidencias\final_2026\harnesses\corrected_dead_L2_17.c line 44 function main thread 0
----------------------------------------------------
  pre1_17 = 162 (00000000 00000000 00000000 10100010)

State 44 file E:\Uchoa\pibic\pibic\evidencias\final_2026\harnesses\corrected_dead_L2_17.c line 45 function main thread 0
----------------------------------------------------
  h1_17 = 0 (00000000 00000000 00000000 00000000)

State 45 file E:\Uchoa\pibic\pibic\evidencias\final_2026\harnesses\corrected_dead_L2_17.c line 46 function main thread 0
----------------------------------------------------
  pre1_18 = -223 (11111111 11111111 11111111 00100001)

State 46 file E:\Uchoa\pibic\pibic\evidencias\final_2026\harnesses\corrected_dead_L2_17.c line 47 function main thread 0
----------------------------------------------------
  h1_18 = 0 (00000000 00000000 00000000 00000000)

State 47 file E:\Uchoa\pibic\pibic\evidencias\final_2026\harnesses\corrected_dead_L2_17.c line 48 function main thread 0
----------------------------------------------------
  pre1_19 = 1286 (00000000 00000000 00000101 00000110)

State 48 file E:\Uchoa\pibic\pibic\evidencias\final_2026\harnesses\corrected_dead_L2_17.c line 49 function main thread 0
----------------------------------------------------
  h1_19 = 0 (00000000 00000000 00000000 00000000)

State 49 file E:\Uchoa\pibic\pibic\evidencias\final_2026\harnesses\corrected_dead_L2_17.c line 50 function main thread 0
----------------------------------------------------
  pre1_20 = 883 (00000000 00000000 00000011 01110011)

State 50 file E:\Uchoa\pibic\pibic\evidencias\final_2026\harnesses\corrected_dead_L2_17.c line 51 function main thread 0
----------------------------------------------------
  h1_20 = 0 (00000000 00000000 00000000 00000000)

State 51 file E:\Uchoa\pibic\pibic\evidencias\final_2026\harnesses\corrected_dead_L2_17.c line 52 function main thread 0
----------------------------------------------------
  pre1_21 = -480 (11111111 11111111 11111110 00100000)

State 52 file E:\Uchoa\pibic\pibic\evidencias\final_2026\harnesses\corrected_dead_L2_17.c line 53 function main thread 0
----------------------------------------------------
  h1_21 = 0 (00000000 00000000 00000000 00000000)

State 53 file E:\Uchoa\pibic\pibic\evidencias\final_2026\harnesses\corrected_dead_L2_17.c line 54 function main thread 0
----------------------------------------------------
  pre1_22 = 1119 (00000000 00000000 00000100 01011111)

State 54 file E:\Uchoa\pibic\pibic\evidencias\final_2026\harnesses\corrected_dead_L2_17.c line 55 function main thread 0
----------------------------------------------------
  h1_22 = 0 (00000000 00000000 00000000 00000000)

State 55 file E:\Uchoa\pibic\pibic\evidencias\final_2026\harnesses\corrected_dead_L2_17.c line 56 function main thread 0
----------------------------------------------------
  pre1_23 = 218 (00000000 00000000 00000000 11011010)

State 56 file E:\Uchoa\pibic\pibic\evidencias\final_2026\harnesses\corrected_dead_L2_17.c line 57 function main thread 0
----------------------------------------------------
  h1_23 = 0 (00000000 00000000 00000000 00000000)

State 57 file E:\Uchoa\pibic\pibic\evidencias\final_2026\harnesses\corrected_dead_L2_17.c line 92 function main thread 0
----------------------------------------------------
  pre2_17 = -1467 (11111111 11111111 11111010 01000101)

State 58 file E:\Uchoa\pibic\pibic\evidencias\final_2026\harnesses\corrected_dead_L2_17.c line 93 function main thread 0
----------------------------------------------------
  h2_17 = 0 (00000000 00000000 00000000 00000000)

State 59 file E:\Uchoa\pibic\pibic\evidencias\final_2026\harnesses\corrected_dead_L2_17.c line 106 function main thread 0
----------------------------------------------------
Violated property:
  file E:\Uchoa\pibic\pibic\evidencias\final_2026\harnesses\corrected_dead_L2_17.c line 106 function main
  dead_neuron_L2_17
  (_Bool)(h2_17 == 0)


VERIFICATION FAILED
