ESBMC version 6.8.0 64-bit x86_64 windows
file E:\Uchoa\pibic\pibic\evidencias\final_2026\harnesses\corrected_sat_L2_16.c: Parsing
Converting
Generating GOTO Program
GOTO program creation time: 0.338s
GOTO program processing time: 0.001s
Starting Bounded Model Checking
Symex completed in: 0.049s (120 assignments)
Slicing time: 0.000s (removed 58 assignments)
Generated 1 VCC(s), 1 remaining after simplification (62 assignments)
Encoding remaining VCC(s) using bit-vector/floating-point arithmetic
Encoding to solver time: 0.001s
Solving with solver Z3 v4.8.9
Encoding to solver time: 0.001s
Runtime decision procedure: 0.536s
Building error trace

Counterexample:

State 1 file E:\Uchoa\pibic\pibic\evidencias\final_2026\harnesses\corrected_sat_L2_16.c line 5 function main thread 0
----------------------------------------------------
  s0 = -545 (11111111 11111111 11111101 11011111)

State 2 file E:\Uchoa\pibic\pibic\evidencias\final_2026\harnesses\corrected_sat_L2_16.c line 5 function main thread 0
----------------------------------------------------
  s1 = 0 (00000000 00000000 00000000 00000000)

State 3 file E:\Uchoa\pibic\pibic\evidencias\final_2026\harnesses\corrected_sat_L2_16.c line 5 function main thread 0
----------------------------------------------------
  s2 = -16 (11111111 11111111 11111111 11110000)

State 4 file E:\Uchoa\pibic\pibic\evidencias\final_2026\harnesses\corrected_sat_L2_16.c line 5 function main thread 0
----------------------------------------------------
  s3 = -18 (11111111 11111111 11111111 11101110)

State 9 file E:\Uchoa\pibic\pibic\evidencias\final_2026\harnesses\corrected_sat_L2_16.c line 10 function main thread 0
----------------------------------------------------
  pre1_0 = -576 (11111111 11111111 11111101 11000000)

State 10 file E:\Uchoa\pibic\pibic\evidencias\final_2026\harnesses\corrected_sat_L2_16.c line 11 function main thread 0
----------------------------------------------------
  h1_0 = 0 (00000000 00000000 00000000 00000000)

State 11 file E:\Uchoa\pibic\pibic\evidencias\final_2026\harnesses\corrected_sat_L2_16.c line 12 function main thread 0
----------------------------------------------------
  pre1_1 = 704 (00000000 00000000 00000010 11000000)

State 12 file E:\Uchoa\pibic\pibic\evidencias\final_2026\harnesses\corrected_sat_L2_16.c line 13 function main thread 0
----------------------------------------------------
  h1_1 = 0 (00000000 00000000 00000000 00000000)

State 13 file E:\Uchoa\pibic\pibic\evidencias\final_2026\harnesses\corrected_sat_L2_16.c line 14 function main thread 0
----------------------------------------------------
  pre1_2 = -317 (11111111 11111111 11111110 11000011)

State 14 file E:\Uchoa\pibic\pibic\evidencias\final_2026\harnesses\corrected_sat_L2_16.c line 15 function main thread 0
----------------------------------------------------
  h1_2 = 0 (00000000 00000000 00000000 00000000)

State 15 file E:\Uchoa\pibic\pibic\evidencias\final_2026\harnesses\corrected_sat_L2_16.c line 16 function main thread 0
----------------------------------------------------
  pre1_3 = -714 (11111111 11111111 11111101 00110110)

State 16 file E:\Uchoa\pibic\pibic\evidencias\final_2026\harnesses\corrected_sat_L2_16.c line 17 function main thread 0
----------------------------------------------------
  h1_3 = 0 (00000000 00000000 00000000 00000000)

State 17 file E:\Uchoa\pibic\pibic\evidencias\final_2026\harnesses\corrected_sat_L2_16.c line 18 function main thread 0
----------------------------------------------------
  pre1_4 = -338 (11111111 11111111 11111110 10101110)

State 18 file E:\Uchoa\pibic\pibic\evidencias\final_2026\harnesses\corrected_sat_L2_16.c line 19 function main thread 0
----------------------------------------------------
  h1_4 = 0 (00000000 00000000 00000000 00000000)

State 19 file E:\Uchoa\pibic\pibic\evidencias\final_2026\harnesses\corrected_sat_L2_16.c line 20 function main thread 0
----------------------------------------------------
  pre1_5 = -25 (11111111 11111111 11111111 11100111)

State 20 file E:\Uchoa\pibic\pibic\evidencias\final_2026\harnesses\corrected_sat_L2_16.c line 21 function main thread 0
----------------------------------------------------
  h1_5 = 0 (00000000 00000000 00000000 00000000)

State 21 file E:\Uchoa\pibic\pibic\evidencias\final_2026\harnesses\corrected_sat_L2_16.c line 22 function main thread 0
----------------------------------------------------
  pre1_6 = -12 (11111111 11111111 11111111 11110100)

State 22 file E:\Uchoa\pibic\pibic\evidencias\final_2026\harnesses\corrected_sat_L2_16.c line 23 function main thread 0
----------------------------------------------------
  h1_6 = 0 (00000000 00000000 00000000 00000000)

State 23 file E:\Uchoa\pibic\pibic\evidencias\final_2026\harnesses\corrected_sat_L2_16.c line 24 function main thread 0
----------------------------------------------------
  pre1_7 = -235 (11111111 11111111 11111111 00010101)

State 24 file E:\Uchoa\pibic\pibic\evidencias\final_2026\harnesses\corrected_sat_L2_16.c line 25 function main thread 0
----------------------------------------------------
  h1_7 = 0 (00000000 00000000 00000000 00000000)

State 25 file E:\Uchoa\pibic\pibic\evidencias\final_2026\harnesses\corrected_sat_L2_16.c line 26 function main thread 0
----------------------------------------------------
  pre1_8 = -514 (11111111 11111111 11111101 11111110)

State 26 file E:\Uchoa\pibic\pibic\evidencias\final_2026\harnesses\corrected_sat_L2_16.c line 27 function main thread 0
----------------------------------------------------
  h1_8 = 0 (00000000 00000000 00000000 00000000)

State 27 file E:\Uchoa\pibic\pibic\evidencias\final_2026\harnesses\corrected_sat_L2_16.c line 28 function main thread 0
----------------------------------------------------
  pre1_9 = -403 (11111111 11111111 11111110 01101101)

State 28 file E:\Uchoa\pibic\pibic\evidencias\final_2026\harnesses\corrected_sat_L2_16.c line 29 function main thread 0
----------------------------------------------------
  h1_9 = 0 (00000000 00000000 00000000 00000000)

State 29 file E:\Uchoa\pibic\pibic\evidencias\final_2026\harnesses\corrected_sat_L2_16.c line 30 function main thread 0
----------------------------------------------------
  pre1_10 = -283 (11111111 11111111 11111110 11100101)

State 30 file E:\Uchoa\pibic\pibic\evidencias\final_2026\harnesses\corrected_sat_L2_16.c line 31 function main thread 0
----------------------------------------------------
  h1_10 = 0 (00000000 00000000 00000000 00000000)

State 31 file E:\Uchoa\pibic\pibic\evidencias\final_2026\harnesses\corrected_sat_L2_16.c line 32 function main thread 0
----------------------------------------------------
  pre1_11 = -140 (11111111 11111111 11111111 01110100)

State 32 file E:\Uchoa\pibic\pibic\evidencias\final_2026\harnesses\corrected_sat_L2_16.c line 33 function main thread 0
----------------------------------------------------
  h1_11 = 0 (00000000 00000000 00000000 00000000)

State 33 file E:\Uchoa\pibic\pibic\evidencias\final_2026\harnesses\corrected_sat_L2_16.c line 34 function main thread 0
----------------------------------------------------
  pre1_12 = -241 (11111111 11111111 11111111 00001111)

State 34 file E:\Uchoa\pibic\pibic\evidencias\final_2026\harnesses\corrected_sat_L2_16.c line 35 function main thread 0
----------------------------------------------------
  h1_12 = 0 (00000000 00000000 00000000 00000000)

State 35 file E:\Uchoa\pibic\pibic\evidencias\final_2026\harnesses\corrected_sat_L2_16.c line 36 function main thread 0
----------------------------------------------------
  pre1_13 = -102 (11111111 11111111 11111111 10011010)

State 36 file E:\Uchoa\pibic\pibic\evidencias\final_2026\harnesses\corrected_sat_L2_16.c line 37 function main thread 0
----------------------------------------------------
  h1_13 = 0 (00000000 00000000 00000000 00000000)

State 37 file E:\Uchoa\pibic\pibic\evidencias\final_2026\harnesses\corrected_sat_L2_16.c line 38 function main thread 0
----------------------------------------------------
  pre1_14 = -115 (11111111 11111111 11111111 10001101)

State 38 file E:\Uchoa\pibic\pibic\evidencias\final_2026\harnesses\corrected_sat_L2_16.c line 39 function main thread 0
----------------------------------------------------
  h1_14 = 0 (00000000 00000000 00000000 00000000)

State 39 file E:\Uchoa\pibic\pibic\evidencias\final_2026\harnesses\corrected_sat_L2_16.c line 40 function main thread 0
----------------------------------------------------
  pre1_15 = -226 (11111111 11111111 11111111 00011110)

State 40 file E:\Uchoa\pibic\pibic\evidencias\final_2026\harnesses\corrected_sat_L2_16.c line 41 function main thread 0
----------------------------------------------------
  h1_15 = 0 (00000000 00000000 00000000 00000000)

State 41 file E:\Uchoa\pibic\pibic\evidencias\final_2026\harnesses\corrected_sat_L2_16.c line 42 function main thread 0
----------------------------------------------------
  pre1_16 = 238 (00000000 00000000 00000000 11101110)

State 42 file E:\Uchoa\pibic\pibic\evidencias\final_2026\harnesses\corrected_sat_L2_16.c line 43 function main thread 0
----------------------------------------------------
  h1_16 = 0 (00000000 00000000 00000000 00000000)

State 43 file E:\Uchoa\pibic\pibic\evidencias\final_2026\harnesses\corrected_sat_L2_16.c line 44 function main thread 0
----------------------------------------------------
  pre1_17 = 125 (00000000 00000000 00000000 01111101)

State 44 file E:\Uchoa\pibic\pibic\evidencias\final_2026\harnesses\corrected_sat_L2_16.c line 45 function main thread 0
----------------------------------------------------
  h1_17 = 0 (00000000 00000000 00000000 00000000)

State 45 file E:\Uchoa\pibic\pibic\evidencias\final_2026\harnesses\corrected_sat_L2_16.c line 46 function main thread 0
----------------------------------------------------
  pre1_18 = -452 (11111111 11111111 11111110 00111100)

State 46 file E:\Uchoa\pibic\pibic\evidencias\final_2026\harnesses\corrected_sat_L2_16.c line 47 function main thread 0
----------------------------------------------------
  h1_18 = 0 (00000000 00000000 00000000 00000000)

State 47 file E:\Uchoa\pibic\pibic\evidencias\final_2026\harnesses\corrected_sat_L2_16.c line 48 function main thread 0
----------------------------------------------------
  pre1_19 = 624 (00000000 00000000 00000010 01110000)

State 48 file E:\Uchoa\pibic\pibic\evidencias\final_2026\harnesses\corrected_sat_L2_16.c line 49 function main thread 0
----------------------------------------------------
  h1_19 = 0 (00000000 00000000 00000000 00000000)

State 49 file E:\Uchoa\pibic\pibic\evidencias\final_2026\harnesses\corrected_sat_L2_16.c line 50 function main thread 0
----------------------------------------------------
  pre1_20 = 333 (00000000 00000000 00000001 01001101)

State 50 file E:\Uchoa\pibic\pibic\evidencias\final_2026\harnesses\corrected_sat_L2_16.c line 51 function main thread 0
----------------------------------------------------
  h1_20 = 0 (00000000 00000000 00000000 00000000)

State 51 file E:\Uchoa\pibic\pibic\evidencias\final_2026\harnesses\corrected_sat_L2_16.c line 52 function main thread 0
----------------------------------------------------
  pre1_21 = -622 (11111111 11111111 11111101 10010010)

State 52 file E:\Uchoa\pibic\pibic\evidencias\final_2026\harnesses\corrected_sat_L2_16.c line 53 function main thread 0
----------------------------------------------------
  h1_21 = 0 (00000000 00000000 00000000 00000000)

State 53 file E:\Uchoa\pibic\pibic\evidencias\final_2026\harnesses\corrected_sat_L2_16.c line 54 function main thread 0
----------------------------------------------------
  pre1_22 = 696 (00000000 00000000 00000010 10111000)

State 54 file E:\Uchoa\pibic\pibic\evidencias\final_2026\harnesses\corrected_sat_L2_16.c line 55 function main thread 0
----------------------------------------------------
  h1_22 = 0 (00000000 00000000 00000000 00000000)

State 55 file E:\Uchoa\pibic\pibic\evidencias\final_2026\harnesses\corrected_sat_L2_16.c line 56 function main thread 0
----------------------------------------------------
  pre1_23 = -181 (11111111 11111111 11111111 01001011)

State 56 file E:\Uchoa\pibic\pibic\evidencias\final_2026\harnesses\corrected_sat_L2_16.c line 57 function main thread 0
----------------------------------------------------
  h1_23 = 0 (00000000 00000000 00000000 00000000)

State 57 file E:\Uchoa\pibic\pibic\evidencias\final_2026\harnesses\corrected_sat_L2_16.c line 90 function main thread 0
----------------------------------------------------
  pre2_16 = 2114 (00000000 00000000 00001000 01000010)

State 58 file E:\Uchoa\pibic\pibic\evidencias\final_2026\harnesses\corrected_sat_L2_16.c line 107 function main thread 0
----------------------------------------------------
Violated property:
  file E:\Uchoa\pibic\pibic\evidencias\final_2026\harnesses\corrected_sat_L2_16.c line 107 function main
  saturated_L2_16
  (_Bool)(pre2_16 >= 0)


VERIFICATION FAILED
