ESBMC version 6.8.0 64-bit x86_64 windows
file E:\Uchoa\pibic\pibic\evidencias\final_2026\harnesses\corrected_dead_L1_18.c: Parsing
Converting
Generating GOTO Program
GOTO program creation time: 0.335s
GOTO program processing time: 0.002s
Starting Bounded Model Checking
Symex completed in: 0.046s (119 assignments)
Slicing time: 0.000s (removed 104 assignments)
Generated 1 VCC(s), 1 remaining after simplification (15 assignments)
Encoding remaining VCC(s) using bit-vector/floating-point arithmetic
Encoding to solver time: 0.000s
Solving with solver Z3 v4.8.9
Encoding to solver time: 0.000s
Runtime decision procedure: 0.018s
Building error trace

Counterexample:

State 1 file E:\Uchoa\pibic\pibic\evidencias\final_2026\harnesses\corrected_dead_L1_18.c line 5 function main thread 0
----------------------------------------------------
  s0 = -10 (11111111 11111111 11111111 11110110)

State 2 file E:\Uchoa\pibic\pibic\evidencias\final_2026\harnesses\corrected_dead_L1_18.c line 5 function main thread 0
----------------------------------------------------
  s1 = -1280 (11111111 11111111 11111011 00000000)

State 3 file E:\Uchoa\pibic\pibic\evidencias\final_2026\harnesses\corrected_dead_L1_18.c line 5 function main thread 0
----------------------------------------------------
  s2 = -28 (11111111 11111111 11111111 11100100)

State 4 file E:\Uchoa\pibic\pibic\evidencias\final_2026\harnesses\corrected_dead_L1_18.c line 5 function main thread 0
----------------------------------------------------
  s3 = -1079 (11111111 11111111 11111011 11001001)

State 9 file E:\Uchoa\pibic\pibic\evidencias\final_2026\harnesses\corrected_dead_L1_18.c line 46 function main thread 0
----------------------------------------------------
  pre1_18 = 327 (00000000 00000000 00000001 01000111)

State 10 file E:\Uchoa\pibic\pibic\evidencias\final_2026\harnesses\corrected_dead_L1_18.c line 47 function main thread 0
----------------------------------------------------
  h1_18 = 0 (00000000 00000000 00000000 00000000)

State 11 file E:\Uchoa\pibic\pibic\evidencias\final_2026\harnesses\corrected_dead_L1_18.c line 106 function main thread 0
----------------------------------------------------
Violated property:
  file E:\Uchoa\pibic\pibic\evidencias\final_2026\harnesses\corrected_dead_L1_18.c line 106 function main
  dead_neuron_L1_18
  (_Bool)(h1_18 == 0)


VERIFICATION FAILED
