ESBMC version 6.8.0 64-bit x86_64 windows
file E:\Uchoa\pibic\pibic\evidencias\final_2026\harnesses\corrected_sat_L1_23.c: Parsing
Converting
Generating GOTO Program
GOTO program creation time: 0.319s
GOTO program processing time: 0.002s
Starting Bounded Model Checking
Symex completed in: 0.047s (120 assignments)
Slicing time: 0.000s (removed 106 assignments)
Generated 1 VCC(s), 1 remaining after simplification (14 assignments)
Encoding remaining VCC(s) using bit-vector/floating-point arithmetic
Encoding to solver time: 0.000s
Solving with solver Z3 v4.8.9
Encoding to solver time: 0.000s
Runtime decision procedure: 0.015s
Building error trace

Counterexample:

State 1 file E:\Uchoa\pibic\pibic\evidencias\final_2026\harnesses\corrected_sat_L1_23.c line 5 function main thread 0
----------------------------------------------------
  s0 = -4 (11111111 11111111 11111111 11111100)

State 2 file E:\Uchoa\pibic\pibic\evidencias\final_2026\harnesses\corrected_sat_L1_23.c line 5 function main thread 0
----------------------------------------------------
  s1 = -97 (11111111 11111111 11111111 10011111)

State 3 file E:\Uchoa\pibic\pibic\evidencias\final_2026\harnesses\corrected_sat_L1_23.c line 5 function main thread 0
----------------------------------------------------
  s2 = -6 (11111111 11111111 11111111 11111010)

State 4 file E:\Uchoa\pibic\pibic\evidencias\final_2026\harnesses\corrected_sat_L1_23.c line 5 function main thread 0
----------------------------------------------------
  s3 = -385 (11111111 11111111 11111110 01111111)

State 9 file E:\Uchoa\pibic\pibic\evidencias\final_2026\harnesses\corrected_sat_L1_23.c line 56 function main thread 0
----------------------------------------------------
  pre1_23 = 157 (00000000 00000000 00000000 10011101)

State 10 file E:\Uchoa\pibic\pibic\evidencias\final_2026\harnesses\corrected_sat_L1_23.c line 107 function main thread 0
----------------------------------------------------
Violated property:
  file E:\Uchoa\pibic\pibic\evidencias\final_2026\harnesses\corrected_sat_L1_23.c line 107 function main
  saturated_L1_23
  (_Bool)(pre1_23 >= 0)


VERIFICATION FAILED
