ESBMC version 6.8.0 64-bit x86_64 windows
file E:\Uchoa\pibic\pibic\evidencias\final_2026\harnesses\corrected_dead_L2_13.c: Parsing
Converting
Generating GOTO Program
GOTO program creation time: 0.339s
GOTO program processing time: 0.003s
Starting Bounded Model Checking
Symex completed in: 0.045s (119 assignments)
Slicing time: 0.000s (removed 58 assignments)
Generated 1 VCC(s), 1 remaining after simplification (61 assignments)
Encoding remaining VCC(s) using bit-vector/floating-point arithmetic
Encoding to solver time: 0.001s
Solving with solver Z3 v4.8.9
Encoding to solver time: 0.001s
Runtime decision procedure: 0.598s
Building error trace

Counterexample:

State 1 file E:\Uchoa\pibic\pibic\evidencias\final_2026\harnesses\corrected_dead_L2_13.c line 5 function main thread 0
----------------------------------------------------
  s0 = -425 (11111111 11111111 11111110 01010111)

State 2 file E:\Uchoa\pibic\pibic\evidencias\final_2026\harnesses\corrected_dead_L2_13.c line 5 function main thread 0
----------------------------------------------------
  s1 = -1257 (11111111 11111111 11111011 00010111)

State 3 file E:\Uchoa\pibic\pibic\evidencias\final_2026\harnesses\corrected_dead_L2_13.c line 5 function main thread 0
----------------------------------------------------
  s2 = -40 (11111111 11111111 11111111 11011000)

State 4 file E:\Uchoa\pibic\pibic\evidencias\final_2026\harnesses\corrected_dead_L2_13.c line 5 function main thread 0
----------------------------------------------------
  s3 = -1216 (11111111 11111111 11111011 01000000)

State 9 file E:\Uchoa\pibic\pibic\evidencias\final_2026\harnesses\corrected_dead_L2_13.c line 10 function main thread 0
----------------------------------------------------
  pre1_0 = -3489 (11111111 11111111 11110010 01011111)

State 10 file E:\Uchoa\pibic\pibic\evidencias\final_2026\harnesses\corrected_dead_L2_13.c line 11 function main thread 0
----------------------------------------------------
  h1_0 = 0 (00000000 00000000 00000000 00000000)

State 11 file E:\Uchoa\pibic\pibic\evidencias\final_2026\harnesses\corrected_dead_L2_13.c line 12 function main thread 0
----------------------------------------------------
  pre1_1 = 2316 (00000000 00000000 00001001 00001100)

State 12 file E:\Uchoa\pibic\pibic\evidencias\final_2026\harnesses\corrected_dead_L2_13.c line 13 function main thread 0
----------------------------------------------------
  h1_1 = 0 (00000000 00000000 00000000 00000000)

State 13 file E:\Uchoa\pibic\pibic\evidencias\final_2026\harnesses\corrected_dead_L2_13.c line 14 function main thread 0
----------------------------------------------------
  pre1_2 = 511 (00000000 00000000 00000001 11111111)

State 14 file E:\Uchoa\pibic\pibic\evidencias\final_2026\harnesses\corrected_dead_L2_13.c line 15 function main thread 0
----------------------------------------------------
  h1_2 = 0 (00000000 00000000 00000000 00000000)

State 15 file E:\Uchoa\pibic\pibic\evidencias\final_2026\harnesses\corrected_dead_L2_13.c line 16 function main thread 0
----------------------------------------------------
  pre1_3 = -2387 (11111111 11111111 11110110 10101101)

State 16 file E:\Uchoa\pibic\pibic\evidencias\final_2026\harnesses\corrected_dead_L2_13.c line 17 function main thread 0
----------------------------------------------------
  h1_3 = 0 (00000000 00000000 00000000 00000000)

State 17 file E:\Uchoa\pibic\pibic\evidencias\final_2026\harnesses\corrected_dead_L2_13.c line 18 function main thread 0
----------------------------------------------------
  pre1_4 = -16 (11111111 11111111 11111111 11110000)

State 18 file E:\Uchoa\pibic\pibic\evidencias\final_2026\harnesses\corrected_dead_L2_13.c line 19 function main thread 0
----------------------------------------------------
  h1_4 = 0 (00000000 00000000 00000000 00000000)

State 19 file E:\Uchoa\pibic\pibic\evidencias\final_2026\harnesses\corrected_dead_L2_13.c line 22 function main thread 0
----------------------------------------------------
  pre1_6 = 371 (00000000 00000000 00000001 01110011)

State 20 file E:\Uchoa\pibic\pibic\evidencias\final_2026\harnesses\corrected_dead_L2_13.c line 23 function main thread 0
----------------------------------------------------
  h1_6 = 0 (00000000 00000000 00000000 00000000)

State 21 file E:\Uchoa\pibic\pibic\evidencias\final_2026\harnesses\corrected_dead_L2_13.c line 24 function main thread 0
----------------------------------------------------
  pre1_7 = 598 (00000000 00000000 00000010 01010110)

State 22 file E:\Uchoa\pibic\pibic\evidencias\final_2026\harnesses\corrected_dead_L2_13.c line 25 function main thread 0
----------------------------------------------------
  h1_7 = 0 (00000000 00000000 00000000 00000000)

State 23 file E:\Uchoa\pibic\pibic\evidencias\final_2026\harnesses\corrected_dead_L2_13.c line 26 function main thread 0
----------------------------------------------------
  pre1_8 = -622 (11111111 11111111 11111101 10010010)

State 24 file E:\Uchoa\pibic\pibic\evidencias\final_2026\harnesses\corrected_dead_L2_13.c line 27 function main thread 0
----------------------------------------------------
  h1_8 = 0 (00000000 00000000 00000000 00000000)

State 25 file E:\Uchoa\pibic\pibic\evidencias\final_2026\harnesses\corrected_dead_L2_13.c line 28 function main thread 0
----------------------------------------------------
  pre1_9 = -422 (11111111 11111111 11111110 01011010)

State 26 file E:\Uchoa\pibic\pibic\evidencias\final_2026\harnesses\corrected_dead_L2_13.c line 29 function main thread 0
----------------------------------------------------
  h1_9 = 0 (00000000 00000000 00000000 00000000)

State 27 file E:\Uchoa\pibic\pibic\evidencias\final_2026\harnesses\corrected_dead_L2_13.c line 30 function main thread 0
----------------------------------------------------
  pre1_10 = -1444 (11111111 11111111 11111010 01011100)

State 28 file E:\Uchoa\pibic\pibic\evidencias\final_2026\harnesses\corrected_dead_L2_13.c line 31 function main thread 0
----------------------------------------------------
  h1_10 = 0 (00000000 00000000 00000000 00000000)

State 29 file E:\Uchoa\pibic\pibic\evidencias\final_2026\harnesses\corrected_dead_L2_13.c line 32 function main thread 0
----------------------------------------------------
  pre1_11 = 962 (00000000 00000000 00000011 11000010)

State 30 file E:\Uchoa\pibic\pibic\evidencias\final_2026\harnesses\corrected_dead_L2_13.c line 33 function main thread 0
----------------------------------------------------
  h1_11 = 0 (00000000 00000000 00000000 00000000)

State 31 file E:\Uchoa\pibic\pibic\evidencias\final_2026\harnesses\corrected_dead_L2_13.c line 34 function main thread 0
----------------------------------------------------
  pre1_12 = 431 (00000000 00000000 00000001 10101111)

State 32 file E:\Uchoa\pibic\pibic\evidencias\final_2026\harnesses\corrected_dead_L2_13.c line 35 function main thread 0
----------------------------------------------------
  h1_12 = 0 (00000000 00000000 00000000 00000000)

State 33 file E:\Uchoa\pibic\pibic\evidencias\final_2026\harnesses\corrected_dead_L2_13.c line 36 function main thread 0
----------------------------------------------------
  pre1_13 = -2348 (11111111 11111111 11110110 11010100)

State 34 file E:\Uchoa\pibic\pibic\evidencias\final_2026\harnesses\corrected_dead_L2_13.c line 37 function main thread 0
----------------------------------------------------
  h1_13 = 0 (00000000 00000000 00000000 00000000)

State 35 file E:\Uchoa\pibic\pibic\evidencias\final_2026\harnesses\corrected_dead_L2_13.c line 38 function main thread 0
----------------------------------------------------
  pre1_14 = -1582 (11111111 11111111 11111001 11010010)

State 36 file E:\Uchoa\pibic\pibic\evidencias\final_2026\harnesses\corrected_dead_L2_13.c line 39 function main thread 0
----------------------------------------------------
  h1_14 = 0 (00000000 00000000 00000000 00000000)

State 37 file E:\Uchoa\pibic\pibic\evidencias\final_2026\harnesses\corrected_dead_L2_13.c line 40 function main thread 0
----------------------------------------------------
  pre1_15 = 828 (00000000 00000000 00000011 00111100)

State 38 file E:\Uchoa\pibic\pibic\evidencias\final_2026\harnesses\corrected_dead_L2_13.c line 41 function main thread 0
----------------------------------------------------
  h1_15 = 0 (00000000 00000000 00000000 00000000)

State 39 file E:\Uchoa\pibic\pibic\evidencias\final_2026\harnesses\corrected_dead_L2_13.c line 42 function main thread 0
----------------------------------------------------
  pre1_16 = 86 (00000000 00000000 00000000 01010110)

State 40 file E:\Uchoa\pibic\pibic\evidencias\final_2026\harnesses\corrected_dead_L2_13.c line 43 function main thread 0
----------------------------------------------------
  h1_16 = 0 (00000000 00000000 00000000 00000000)

State 41 file E:\Uchoa\pibic\pibic\evidencias\final_2026\harnesses\corrected_dead_L2_13.c line 44 function main thread 0
----------------------------------------------------
  pre1_17 = 307 (00000000 00000000 00000001 00110011)

State 42 file E:\Uchoa\pibic\pibic\evidencias\final_2026\harnesses\corrected_dead_L2_13.c line 45 function main thread 0
----------------------------------------------------
  h1_17 = 0 (00000000 00000000 00000000 00000000)

State 43 file E:\Uchoa\pibic\pibic\evidencias\final_2026\harnesses\corrected_dead_L2_13.c line 46 function main thread 0
----------------------------------------------------
  pre1_18 = 217 (00000000 00000000 00000000 11011001)

State 44 file E:\Uchoa\pibic\pibic\evidencias\final_2026\harnesses\corrected_dead_L2_13.c line 47 function main thread 0
----------------------------------------------------
  h1_18 = 0 (00000000 00000000 00000000 00000000)

State 45 file E:\Uchoa\pibic\pibic\evidencias\final_2026\harnesses\corrected_dead_L2_13.c line 48 function main thread 0
----------------------------------------------------
  pre1_19 = 3399 (00000000 00000000 00001101 01000111)

State 46 file E:\Uchoa\pibic\pibic\evidencias\final_2026\harnesses\corrected_dead_L2_13.c line 49 function main thread 0
----------------------------------------------------
  h1_19 = 0 (00000000 00000000 00000000 00000000)

State 47 file E:\Uchoa\pibic\pibic\evidencias\final_2026\harnesses\corrected_dead_L2_13.c line 50 function main thread 0
----------------------------------------------------
  pre1_20 = 3652 (00000000 00000000 00001110 01000100)

State 48 file E:\Uchoa\pibic\pibic\evidencias\final_2026\harnesses\corrected_dead_L2_13.c line 51 function main thread 0
----------------------------------------------------
  h1_20 = 0 (00000000 00000000 00000000 00000000)

State 49 file E:\Uchoa\pibic\pibic\evidencias\final_2026\harnesses\corrected_dead_L2_13.c line 52 function main thread 0
----------------------------------------------------
  pre1_21 = -1026 (11111111 11111111 11111011 11111110)

State 50 file E:\Uchoa\pibic\pibic\evidencias\final_2026\harnesses\corrected_dead_L2_13.c line 53 function main thread 0
----------------------------------------------------
  h1_21 = 0 (00000000 00000000 00000000 00000000)

State 51 file E:\Uchoa\pibic\pibic\evidencias\final_2026\harnesses\corrected_dead_L2_13.c line 54 function main thread 0
----------------------------------------------------
  pre1_22 = 3100 (00000000 00000000 00001100 00011100)

State 52 file E:\Uchoa\pibic\pibic\evidencias\final_2026\harnesses\corrected_dead_L2_13.c line 55 function main thread 0
----------------------------------------------------
  h1_22 = 0 (00000000 00000000 00000000 00000000)

State 53 file E:\Uchoa\pibic\pibic\evidencias\final_2026\harnesses\corrected_dead_L2_13.c line 56 function main thread 0
----------------------------------------------------
  pre1_23 = 240 (00000000 00000000 00000000 11110000)

State 54 file E:\Uchoa\pibic\pibic\evidencias\final_2026\harnesses\corrected_dead_L2_13.c line 57 function main thread 0
----------------------------------------------------
  h1_23 = 0 (00000000 00000000 00000000 00000000)

State 55 file E:\Uchoa\pibic\pibic\evidencias\final_2026\harnesses\corrected_dead_L2_13.c line 84 function main thread 0
----------------------------------------------------
  pre2_13 = 374 (00000000 00000000 00000001 01110110)

State 56 file E:\Uchoa\pibic\pibic\evidencias\final_2026\harnesses\corrected_dead_L2_13.c line 85 function main thread 0
----------------------------------------------------
  h2_13 = 0 (00000000 00000000 00000000 00000000)

State 57 file E:\Uchoa\pibic\pibic\evidencias\final_2026\harnesses\corrected_dead_L2_13.c line 106 function main thread 0
----------------------------------------------------
Violated property:
  file E:\Uchoa\pibic\pibic\evidencias\final_2026\harnesses\corrected_dead_L2_13.c line 106 function main
  dead_neuron_L2_13
  (_Bool)(h2_13 == 0)


VERIFICATION FAILED
